[     103ms] [WARNING] 
%c⚠️ Browser Environment Detected %c

%cOnly UI previews are available in the browser. For full functionality, please run the application in desktop mode.
More information at: https://v3.wails.io/learn/build/#using-a-browser-for-development
 background: #ffffff; color: #000000; font-weight: bold; padding: 4px 8px; border-radius: 4px; border: 2px solid #000000; background: transparent; color: #ffffff; font-style: italic; font-weight: bold; @ http://localhost:8080/assets/index-DWJNJpi2.js:1635
[     108ms] [LOG] [Wails] Event WebSocket connected @ http://localhost:8080/wails/custom.js:9
[   27298ms] [ERROR] Failed to load resource: the server responded with a status of 422 (Unprocessable Entity) @ http://localhost:8080/wails/runtime:0
[   27389ms] [VERBOSE] [DOM] Password field is not contained in a form: (More info: https://goo.gl/9p2vKq) %o @ http://localhost:8080/:0
[   27389ms] [VERBOSE] [DOM] Password field is not contained in a form: (More info: https://goo.gl/9p2vKq) %o @ http://localhost:8080/:0
[   52711ms] [LOG] [Wails] Event WebSocket disconnected, reconnecting... @ http://localhost:8080/wails/custom.js:22
[   53714ms] [ERROR] WebSocket connection to 'ws://localhost:8080/wails/events?clientId=EgGvVsOneHOSxlDpim4Dk' failed: Error in connection establishment: net::ERR_CONNECTION_REFUSED @ http://localhost:8080/wails/custom.js:7
[   53714ms] [LOG] [Wails] Event WebSocket disconnected, reconnecting... @ http://localhost:8080/wails/custom.js:22
[   54717ms] [ERROR] WebSocket connection to 'ws://localhost:8080/wails/events?clientId=EgGvVsOneHOSxlDpim4Dk' failed: Error in connection establishment: net::ERR_CONNECTION_REFUSED @ http://localhost:8080/wails/custom.js:7
[   54717ms] [LOG] [Wails] Event WebSocket disconnected, reconnecting... @ http://localhost:8080/wails/custom.js:22
[   55720ms] [ERROR] WebSocket connection to 'ws://localhost:8080/wails/events?clientId=EgGvVsOneHOSxlDpim4Dk' failed: Error in connection establishment: net::ERR_CONNECTION_REFUSED @ http://localhost:8080/wails/custom.js:7
[   55720ms] [LOG] [Wails] Event WebSocket disconnected, reconnecting... @ http://localhost:8080/wails/custom.js:22
[   56722ms] [ERROR] WebSocket connection to 'ws://localhost:8080/wails/events?clientId=EgGvVsOneHOSxlDpim4Dk' failed: Error in connection establishment: net::ERR_CONNECTION_REFUSED @ http://localhost:8080/wails/custom.js:7
[   56722ms] [LOG] [Wails] Event WebSocket disconnected, reconnecting... @ http://localhost:8080/wails/custom.js:22
[   57726ms] [ERROR] WebSocket connection to 'ws://localhost:8080/wails/events?clientId=EgGvVsOneHOSxlDpim4Dk' failed: Error in connection establishment: net::ERR_CONNECTION_REFUSED @ http://localhost:8080/wails/custom.js:7
[   57726ms] [LOG] [Wails] Event WebSocket disconnected, reconnecting... @ http://localhost:8080/wails/custom.js:22
[   58729ms] [ERROR] WebSocket connection to 'ws://localhost:8080/wails/events?clientId=EgGvVsOneHOSxlDpim4Dk' failed: Error in connection establishment: net::ERR_CONNECTION_REFUSED @ http://localhost:8080/wails/custom.js:7
[   58729ms] [LOG] [Wails] Event WebSocket disconnected, reconnecting... @ http://localhost:8080/wails/custom.js:22
