[      92ms] [WARNING] 
%c⚠️ Browser Environment Detected %c

%cOnly UI previews are available in the browser. For full functionality, please run the application in desktop mode.
More information at: https://v3.wails.io/learn/build/#using-a-browser-for-development
 background: #ffffff; color: #000000; font-weight: bold; padding: 4px 8px; border-radius: 4px; border: 2px solid #000000; background: transparent; color: #ffffff; font-style: italic; font-weight: bold; @ http://localhost:8080/assets/index-DGt3xoLy.js:1641
[      96ms] [LOG] [Wails] Event WebSocket connected @ http://localhost:8080/wails/custom.js:9
[   30633ms] [LOG] [Wails] Event WebSocket disconnected, reconnecting... @ http://localhost:8080/wails/custom.js:22
[   31639ms] [ERROR] WebSocket connection to 'ws://localhost:8080/wails/events?clientId=4hewWWrKVVipvUS2oZwcH' failed: Error in connection establishment: net::ERR_CONNECTION_REFUSED @ http://localhost:8080/wails/custom.js:7
[   31639ms] [LOG] [Wails] Event WebSocket disconnected, reconnecting... @ http://localhost:8080/wails/custom.js:22
[   32643ms] [ERROR] WebSocket connection to 'ws://localhost:8080/wails/events?clientId=4hewWWrKVVipvUS2oZwcH' failed: Error in connection establishment: net::ERR_CONNECTION_REFUSED @ http://localhost:8080/wails/custom.js:7
[   32644ms] [LOG] [Wails] Event WebSocket disconnected, reconnecting... @ http://localhost:8080/wails/custom.js:22
[   33646ms] [ERROR] WebSocket connection to 'ws://localhost:8080/wails/events?clientId=4hewWWrKVVipvUS2oZwcH' failed: Error in connection establishment: net::ERR_CONNECTION_REFUSED @ http://localhost:8080/wails/custom.js:7
[   33646ms] [LOG] [Wails] Event WebSocket disconnected, reconnecting... @ http://localhost:8080/wails/custom.js:22
[   34650ms] [ERROR] WebSocket connection to 'ws://localhost:8080/wails/events?clientId=4hewWWrKVVipvUS2oZwcH' failed: Error in connection establishment: net::ERR_CONNECTION_REFUSED @ http://localhost:8080/wails/custom.js:7
[   34650ms] [LOG] [Wails] Event WebSocket disconnected, reconnecting... @ http://localhost:8080/wails/custom.js:22
[   35654ms] [ERROR] WebSocket connection to 'ws://localhost:8080/wails/events?clientId=4hewWWrKVVipvUS2oZwcH' failed: Error in connection establishment: net::ERR_CONNECTION_REFUSED @ http://localhost:8080/wails/custom.js:7
[   35654ms] [LOG] [Wails] Event WebSocket disconnected, reconnecting... @ http://localhost:8080/wails/custom.js:22
[   36657ms] [ERROR] WebSocket connection to 'ws://localhost:8080/wails/events?clientId=4hewWWrKVVipvUS2oZwcH' failed: Error in connection establishment: net::ERR_CONNECTION_REFUSED @ http://localhost:8080/wails/custom.js:7
[   36657ms] [LOG] [Wails] Event WebSocket disconnected, reconnecting... @ http://localhost:8080/wails/custom.js:22
[   37661ms] [ERROR] WebSocket connection to 'ws://localhost:8080/wails/events?clientId=4hewWWrKVVipvUS2oZwcH' failed: Error in connection establishment: net::ERR_CONNECTION_REFUSED @ http://localhost:8080/wails/custom.js:7
[   37661ms] [LOG] [Wails] Event WebSocket disconnected, reconnecting... @ http://localhost:8080/wails/custom.js:22
[   38663ms] [ERROR] WebSocket connection to 'ws://localhost:8080/wails/events?clientId=4hewWWrKVVipvUS2oZwcH' failed: Error in connection establishment: net::ERR_CONNECTION_REFUSED @ http://localhost:8080/wails/custom.js:7
[   38663ms] [LOG] [Wails] Event WebSocket disconnected, reconnecting... @ http://localhost:8080/wails/custom.js:22
[   39664ms] [ERROR] WebSocket connection to 'ws://localhost:8080/wails/events?clientId=4hewWWrKVVipvUS2oZwcH' failed: Error in connection establishment: net::ERR_CONNECTION_REFUSED @ http://localhost:8080/wails/custom.js:7
[   39664ms] [LOG] [Wails] Event WebSocket disconnected, reconnecting... @ http://localhost:8080/wails/custom.js:22
[   40666ms] [ERROR] WebSocket connection to 'ws://localhost:8080/wails/events?clientId=4hewWWrKVVipvUS2oZwcH' failed: Error in connection establishment: net::ERR_CONNECTION_REFUSED @ http://localhost:8080/wails/custom.js:7
[   40666ms] [LOG] [Wails] Event WebSocket disconnected, reconnecting... @ http://localhost:8080/wails/custom.js:22
[   41670ms] [ERROR] WebSocket connection to 'ws://localhost:8080/wails/events?clientId=4hewWWrKVVipvUS2oZwcH' failed: Error in connection establishment: net::ERR_CONNECTION_REFUSED @ http://localhost:8080/wails/custom.js:7
[   41670ms] [LOG] [Wails] Event WebSocket disconnected, reconnecting... @ http://localhost:8080/wails/custom.js:22
[   42674ms] [LOG] [Wails] Event WebSocket connected @ http://localhost:8080/wails/custom.js:9
